============================= test session starts ==============================
platform linux -- Python 3.12.13, pytest-9.1.1, pluggy-1.6.0 -- <python-env>/bin/python
rootdir: <checkout>
plugins: anyio-4.14.2, hydra-core-1.3.7
collecting ... collected 18 items

tests/test_iou_box3d.py::TestIoU3D::test_batched_errors PASSED           [  5%]
tests/test_iou_box3d.py::TestIoU3D::test_box_planar_dir PASSED           [ 11%]
tests/test_iou_box3d.py::TestIoU3D::test_box_volume PASSED               [ 16%]
tests/test_iou_box3d.py::TestIoU3D::test_iou_batched_worker_reuse_cpu PASSED [ 22%]
tests/test_iou_box3d.py::TestIoU3D::test_iou_batched_worker_reuse_cuda PASSED [ 27%]
tests/test_iou_box3d.py::TestIoU3D::test_iou_cpu PASSED                  [ 33%]
tests/test_iou_box3d.py::TestIoU3D::test_iou_cuda PASSED                 [ 38%]
tests/test_iou_box3d.py::TestIoU3D::test_iou_cuda_device_guard 
tests/test_iou_box3d.py::TestIoU3D::test_iou_cuda_device_guard PASSED    [ 44%]
tests/test_iou_box3d.py::TestIoU3D::test_iou_empty_inputs_cpu PASSED     [ 50%]
tests/test_iou_box3d.py::TestIoU3D::test_iou_empty_inputs_cuda PASSED    [ 55%]
tests/test_iou_box3d.py::TestIoU3D::test_iou_gh1805_cpu PASSED           [ 61%]
tests/test_iou_box3d.py::TestIoU3D::test_iou_gh1805_cuda PASSED          [ 66%]
tests/test_iou_box3d.py::TestIoU3D::test_iou_naive PASSED                [ 72%]
tests/test_iou_box3d.py::TestIoU3D::test_iou_nondefault_stream_cuda PASSED [ 77%]
tests/test_iou_box3d.py::TestIoU3D::test_iou_repeated_invocations_cpu PASSED [ 83%]
tests/test_iou_box3d.py::TestIoU3D::test_iou_repeated_invocations_cuda PASSED [ 88%]
tests/test_iou_box3d.py::TestIoU3D::test_iou_worker_counts_cpu 
tests/test_iou_box3d.py::TestIoU3D::test_iou_worker_counts_cpu PASSED    [ 94%]
tests/test_iou_box3d.py::TestIoU3D::test_iou_worker_counts_cuda 
tests/test_iou_box3d.py::TestIoU3D::test_iou_worker_counts_cuda PASSED   [100%]

=============================== warnings summary ===============================
tests/test_iou_box3d.py::TestIoU3D::test_iou_batched_worker_reuse_cuda
  <checkout>/tests/test_iou_box3d.py:720: UserWarning: Specified kernel cache directory is not writable! This disables kernel caching. Specified directory is <path> This warning will appear only once per process. (Triggered internally at /pytorch/aten/src/ATen/native/cuda/jit_utils.cpp:1523.)
    volumes = intersection_lengths.prod(dim=1)[None]

-- Docs: https://docs.pytest.org/en/stable/how-to/capture-warnings.html
============== 18 passed, 1 warning, 18 subtests passed in 48.34s ==============
