============================= test session starts ==============================
platform linux -- Python 3.12.13, pytest-9.1.1, pluggy-1.6.0 -- <python-env>/bin/python
rootdir: <checkout>
plugins: anyio-4.14.2, hydra-core-1.3.7
collecting ... collected 22 items

tests/test_iou_box3d.py::TestIoU3D::test_batched_errors PASSED           [  4%]
tests/test_iou_box3d.py::TestIoU3D::test_box_planar_dir PASSED           [  9%]
tests/test_iou_box3d.py::TestIoU3D::test_box_volume PASSED               [ 13%]
tests/test_iou_box3d.py::TestIoU3D::test_iou_batched_pairs_cpu PASSED    [ 18%]
tests/test_iou_box3d.py::TestIoU3D::test_iou_batched_pairs_cuda PASSED   [ 22%]
tests/test_iou_box3d.py::TestIoU3D::test_iou_coplanar_faces_cpu PASSED   [ 27%]
tests/test_iou_box3d.py::TestIoU3D::test_iou_coplanar_faces_cuda PASSED  [ 31%]
tests/test_iou_box3d.py::TestIoU3D::test_iou_cpu PASSED                  [ 36%]
tests/test_iou_box3d.py::TestIoU3D::test_iou_cuda PASSED                 [ 40%]
tests/test_iou_box3d.py::TestIoU3D::test_iou_cuda_device_guard 
tests/test_iou_box3d.py::TestIoU3D::test_iou_cuda_device_guard PASSED    [ 45%]
tests/test_iou_box3d.py::TestIoU3D::test_iou_empty_inputs_cpu PASSED     [ 50%]
tests/test_iou_box3d.py::TestIoU3D::test_iou_empty_inputs_cuda PASSED    [ 54%]
tests/test_iou_box3d.py::TestIoU3D::test_iou_gh1805_cpu PASSED           [ 59%]
tests/test_iou_box3d.py::TestIoU3D::test_iou_gh1805_cuda PASSED          [ 63%]
tests/test_iou_box3d.py::TestIoU3D::test_iou_naive PASSED                [ 68%]
tests/test_iou_box3d.py::TestIoU3D::test_iou_nondefault_stream_cuda PASSED [ 72%]
tests/test_iou_box3d.py::TestIoU3D::test_iou_pair_counts_cpu 
tests/test_iou_box3d.py::TestIoU3D::test_iou_pair_counts_cpu PASSED      [ 77%]
tests/test_iou_box3d.py::TestIoU3D::test_iou_pair_counts_cuda 
tests/test_iou_box3d.py::TestIoU3D::test_iou_pair_counts_cuda PASSED     [ 81%]
tests/test_iou_box3d.py::TestIoU3D::test_iou_repeated_invocations_cpu PASSED [ 86%]
tests/test_iou_box3d.py::TestIoU3D::test_iou_repeated_invocations_cuda PASSED [ 90%]
tests/test_iou_box3d.py::TestIoU3D::test_iou_rotated_exact_cpu PASSED    [ 95%]
tests/test_iou_box3d.py::TestIoU3D::test_iou_rotated_exact_cuda PASSED   [100%]

=============================== warnings summary ===============================
tests/test_iou_box3d.py::TestIoU3D::test_iou_batched_pairs_cuda
  <checkout>/tests/test_iou_box3d.py:723: UserWarning: Specified kernel cache directory is not writable! This disables kernel caching. Specified directory is <path> This warning will appear only once per process. (Triggered internally at /pytorch/aten/src/ATen/native/cuda/jit_utils.cpp:1523.)
    volumes = intersection_lengths.prod(dim=1)[None]

-- Docs: https://docs.pytest.org/en/stable/how-to/capture-warnings.html
============== 22 passed, 1 warning, 18 subtests passed in 50.78s ==============
